#! /c/iverilog/bin/vvp
:ivl_version "0.9.7 " "(v0_9_7)";
:vpi_time_precision - 12;
:vpi_module "system";
:vpi_module "v2005_math";
:vpi_module "va_math";
S_012A8DC0 .scope module, "tb_fifo" "tb_fifo" 2 3;
 .timescale -9 -12;
v01167308_0 .var "clk", 0 0;
v01166D30_0 .var "data_in", 7 0;
v01166F40_0 .net "data_out", 7 0, v01143C28_0; 1 drivers
v01166C28_0 .net "empty", 0 0, L_012AD660; 1 drivers
v011670A0_0 .net "full", 0 0, L_012AD970; 1 drivers
v011671A8_0 .var "rd_en", 0 0;
v01166C80_0 .var "rst_n", 0 0;
v01166FF0_0 .var "wr_en", 0 0;
E_012AA588 .event negedge, v01143B78_0;
S_012A8BA0 .scope module, "uut" "sync_fifo" 2 10, 3 1, S_012A8DC0;
 .timescale 0 0;
P_012ACFE4 .param/l "DATA_WIDTH" 3 1, +C4<01000>;
P_012ACFF8 .param/l "DEPTH" 3 1, +C4<01000>;
P_012AD00C .param/l "PTR_W" 3 12, +C4<00000000000000000000000000000011>;
L_012AD778 .functor XOR 1, v01167258_0, v01166EE8_0, C4<0>, C4<0>;
L_012AD970 .functor AND 1, L_01166F98, L_012AD778, C4<1>, C4<1>;
L_012AD708 .functor XNOR 1, v01167258_0, v01166EE8_0, C4<0>, C4<0>;
L_012AD660 .functor AND 1, L_01167048, L_012AD708, C4<1>, C4<1>;
v012A2F20_0 .net *"_s0", 0 0, L_01166F98; 1 drivers
v012AAB20_0 .net *"_s2", 0 0, L_012AD778; 1 drivers
v012AAB78_0 .net *"_s6", 0 0, L_01167048; 1 drivers
v012AABD0_0 .net *"_s8", 0 0, L_012AD708; 1 drivers
v01143B78_0 .net "clk", 0 0, v01167308_0; 1 drivers
v01143BD0_0 .net "data_in", 7 0, v01166D30_0; 1 drivers
v01143C28_0 .var "data_out", 7 0;
v012A31E0_0 .alias "empty", 0 0, v01166C28_0;
v012A3238_0 .alias "full", 0 0, v011670A0_0;
v012A3290_0 .var/i "i", 31 0;
v012A32E8 .array "mem", 7 0, 7 0;
v01166EE8_0 .var "r_phase", 0 0;
v01166E90_0 .var "r_ptr", 2 0;
v01166DE0_0 .net "rd_en", 0 0, v011671A8_0; 1 drivers
v01167150_0 .net "rst_n", 0 0, v01166C80_0; 1 drivers
v01167258_0 .var "w_phase", 0 0;
v01167360_0 .var "w_ptr", 2 0;
v011670F8_0 .net "wr_en", 0 0, v01166FF0_0; 1 drivers
E_012AA2E8/0 .event negedge, v01167150_0;
E_012AA2E8/1 .event posedge, v01143B78_0;
E_012AA2E8 .event/or E_012AA2E8/0, E_012AA2E8/1;
L_01166F98 .cmp/eq 3, v01167360_0, v01166E90_0;
L_01167048 .cmp/eq 3, v01167360_0, v01166E90_0;
    .scope S_012A8BA0;
T_0 ;
    %wait E_012AA2E8;
    %load/v 8, v01167150_0, 1;
    %inv 8, 1;
    %jmp/0xz  T_0.0, 8;
    %ix/load 0, 3, 0;
    %assign/v0 v01167360_0, 0, 0;
    %ix/load 0, 3, 0;
    %assign/v0 v01166E90_0, 0, 0;
    %ix/load 0, 1, 0;
    %assign/v0 v01167258_0, 0, 0;
    %ix/load 0, 1, 0;
    %assign/v0 v01166EE8_0, 0, 0;
    %ix/load 0, 8, 0;
    %assign/v0 v01143C28_0, 0, 0;
    %set/v v012A3290_0, 0, 32;
T_0.2 ;
    %load/v 8, v012A3290_0, 32;
   %cmpi/s 8, 8, 32;
    %jmp/0xz T_0.3, 5;
    %ix/getv/s 3, v012A3290_0;
    %jmp/1 t_0, 4;
    %ix/load 0, 8, 0; word width
    %ix/load 1, 0, 0; part off
    %assign/av v012A32E8, 0, 0;
t_0 ;
    %ix/load 0, 1, 0;
    %load/vp0/s 8, v012A3290_0, 32;
    %set/v v012A3290_0, 8, 32;
    %jmp T_0.2;
T_0.3 ;
    %jmp T_0.1;
T_0.0 ;
    %load/v 8, v011670F8_0, 1;
    %load/v 9, v012A3238_0, 1;
    %inv 9, 1;
    %and 8, 9, 1;
    %jmp/0xz  T_0.4, 8;
    %load/v 8, v01143BD0_0, 8;
    %ix/getv 3, v01167360_0;
    %jmp/1 t_1, 4;
    %ix/load 0, 8, 0; word width
    %ix/load 1, 0, 0; part off
    %assign/av v012A32E8, 0, 8;
t_1 ;
    %load/v 8, v01167360_0, 3;
    %mov 11, 0, 4;
    %cmpi/u 8, 7, 7;
    %jmp/0xz  T_0.6, 4;
    %ix/load 0, 3, 0;
    %assign/v0 v01167360_0, 0, 0;
    %load/v 8, v01167258_0, 1;
    %inv 8, 1;
    %ix/load 0, 1, 0;
    %assign/v0 v01167258_0, 0, 8;
    %jmp T_0.7;
T_0.6 ;
    %load/v 8, v01167360_0, 3;
    %mov 11, 0, 29;
    %addi 8, 1, 32;
    %ix/load 0, 3, 0;
    %assign/v0 v01167360_0, 0, 8;
T_0.7 ;
T_0.4 ;
    %load/v 8, v01166DE0_0, 1;
    %load/v 9, v012A31E0_0, 1;
    %inv 9, 1;
    %and 8, 9, 1;
    %jmp/0xz  T_0.8, 8;
    %ix/getv 3, v01166E90_0;
    %load/av 8, v012A32E8, 8;
    %ix/load 0, 8, 0;
    %assign/v0 v01143C28_0, 0, 8;
    %load/v 8, v01166E90_0, 3;
    %mov 11, 0, 4;
    %cmpi/u 8, 7, 7;
    %jmp/0xz  T_0.10, 4;
    %ix/load 0, 3, 0;
    %assign/v0 v01166E90_0, 0, 0;
    %load/v 8, v01166EE8_0, 1;
    %inv 8, 1;
    %ix/load 0, 1, 0;
    %assign/v0 v01166EE8_0, 0, 8;
    %jmp T_0.11;
T_0.10 ;
    %load/v 8, v01166E90_0, 3;
    %mov 11, 0, 29;
    %addi 8, 1, 32;
    %ix/load 0, 3, 0;
    %assign/v0 v01166E90_0, 0, 8;
T_0.11 ;
T_0.8 ;
T_0.1 ;
    %jmp T_0;
    .thread T_0;
    .scope S_012A8DC0;
T_1 ;
    %set/v v01167308_0, 0, 1;
T_1.0 ;
    %delay 5000, 0;
    %load/v 8, v01167308_0, 1;
    %inv 8, 1;
    %set/v v01167308_0, 8, 1;
    %jmp T_1.0;
    %end;
    .thread T_1;
    .scope S_012A8DC0;
T_2 ;
    %vpi_call 2 29 "$dumpfile", "sync_fifo.vcd";
    %vpi_call 2 30 "$dumpvars", 1'sb0, S_012A8DC0;
    %set/v v01166C80_0, 0, 1;
    %set/v v01166FF0_0, 0, 1;
    %set/v v011671A8_0, 0, 1;
    %set/v v01166D30_0, 0, 8;
    %delay 10000, 0;
    %set/v v01166C80_0, 1, 1;
    %movi 8, 4, 4;
T_2.0 %cmp/s 0, 8, 4;
    %jmp/0xz T_2.1, 5;
    %add 8, 1, 4;
    %wait E_012AA588;
    %set/v v01166FF0_0, 1, 1;
    %vpi_func 2 44 "$random", 12, 32;
    %set/v v01166D30_0, 12, 8;
    %jmp T_2.0;
T_2.1 ;
    %wait E_012AA588;
    %set/v v01166FF0_0, 0, 1;
    %movi 8, 4, 4;
T_2.2 %cmp/s 0, 8, 4;
    %jmp/0xz T_2.3, 5;
    %add 8, 1, 4;
    %wait E_012AA588;
    %set/v v011671A8_0, 1, 1;
    %jmp T_2.2;
T_2.3 ;
    %wait E_012AA588;
    %set/v v011671A8_0, 0, 1;
    %delay 20000, 0;
    %vpi_call 2 59 "$finish";
    %end;
    .thread T_2;
# The file index is used to find the file name in the following table.
:file_names 4;
    "N/A";
    "<interactive>";
    "tb_fifo.v";
    "sync_fifo.v";
